{invx**x -> 1, x**invx -> 1, invy**y -> 1, y**invy -> 1, 
 x**y**inv1xy -> -1 + inv1xy, y**x**inv1yx -> -1 + inv1yx, 
 inv1yx**invx -> invx + y**inv1xy, inv1xy**invy -> invy + x**inv1yx, 
 invx**inv1xy -> invx + y**inv1xy, invy**inv1yx -> invy + x**inv1yx, 
 inv1yx**y -> y**inv1xy, inv1xy**x -> x**inv1yx, x**inv1x -> -1 + inv1x, 
 inv1x**x -> -1 + inv1x, y**inv1y -> -1 + inv1y, inv1y**y -> -1 + inv1y, 
 inv1x**invx -> inv1x + invx, inv1y**invy -> inv1y + invy, 
 inv1x**y**inv1xy -> -inv1x + inv1x**inv1xy + y**inv1xy, 
 inv1y**x**inv1yx -> -inv1y + inv1y**inv1yx + x**inv1yx, 
 invx**inv1x -> inv1x + invx, x**inv1yx**inv1x -> -inv1xy + inv1xy**inv1x, 
 invy**inv1y -> inv1y + invy, y**inv1xy**inv1y -> -inv1yx + inv1yx**inv1y, 
 y**inv1xy**inv1x -> -inv1x + inv1yx**inv1x + y**inv1xy, 
 x**inv1yx**inv1yx**inv1x -> -inv1xy**inv1xy + inv1xy**inv1xy**inv1x, 
 inv1x**inv1yx**inv1x -> -inv1x**inv1xy + inv1yx**inv1x + 
   inv1x**inv1xy**inv1x, inv1y**inv1yx**inv1x -> 
  inv1xy - inv1xy**inv1x + inv1y**inv1x - inv1y**inv1xy + 
   inv1y**inv1xy**inv1x, x**inv1yx**inv1y -> -inv1y + inv1xy**inv1y + 
   x**inv1yx, y**inv1xy**inv1xy**inv1y -> -inv1yx**inv1yx + 
   inv1yx**inv1yx**inv1y, inv1y**inv1yx**inv1y -> 
  -inv1xy**inv1y + inv1y**inv1yx + inv1y**inv1xy**inv1y, 
 inv1x**inv1yx**inv1y -> -inv1yx - inv1x**inv1y + inv1x**inv1yx + 
   inv1yx**inv1y + inv1x**inv1xy**inv1y, y**inv1xy**inv1xy**inv1x -> 
  -inv1yx**inv1x + inv1yx**inv1yx**inv1x + y**inv1xy**inv1xy, 
 x**inv1yx**inv1yx**inv1yx**inv1x -> -inv1xy**inv1xy**inv1xy + 
   inv1xy**inv1xy**inv1xy**inv1x, inv1x**inv1yx**inv1yx**inv1x -> 
  -inv1x**inv1xy**inv1xy + inv1yx**inv1yx**inv1x + 
   inv1x**inv1xy**inv1xy**inv1x, inv1y**inv1yx**inv1yx**inv1x -> 
  inv1xy - inv1xy**inv1x + inv1xy**inv1xy + inv1y**inv1x - inv1y**inv1xy - 
   inv1xy**inv1xy**inv1x + inv1y**inv1xy**inv1x - inv1y**inv1xy**inv1xy + 
   inv1y**inv1xy**inv1xy**inv1x, y**inv1xy**inv1xy**inv1xy**inv1x -> 
  -inv1yx**inv1yx**inv1x + inv1yx**inv1yx**inv1yx**inv1x + 
   y**inv1xy**inv1xy**inv1xy, x**inv1yx**inv1yx**inv1y -> 
  -inv1xy**inv1y + inv1xy**inv1xy**inv1y + x**inv1yx**inv1yx, 
 y**inv1xy**inv1xy**inv1xy**inv1y -> -inv1yx**inv1yx**inv1yx + 
   inv1yx**inv1yx**inv1yx**inv1y, inv1y**inv1yx**inv1yx**inv1y -> 
  -inv1xy**inv1xy**inv1y + inv1y**inv1yx**inv1yx + 
   inv1y**inv1xy**inv1xy**inv1y, inv1x**inv1yx**inv1yx**inv1y -> 
  -inv1yx**inv1yx - inv1x**inv1xy**inv1y + inv1x**inv1yx**inv1yx + 
   inv1yx**inv1yx**inv1y + inv1x**inv1xy**inv1xy**inv1y, 
 x**inv1yx**inv1yx**inv1yx**inv1y -> -inv1xy**inv1xy**inv1y + 
   inv1xy**inv1xy**inv1xy**inv1y + x**inv1yx**inv1yx**inv1yx, 
 x**inv1yx**inv1yx**inv1yx**inv1yx**inv1x -> 
  -inv1xy**inv1xy**inv1xy**inv1xy + inv1xy**inv1xy**inv1xy**inv1xy**inv1x, 
 inv1x**inv1yx**inv1yx**inv1yx**inv1x -> -inv1x**inv1xy**inv1xy**inv1xy + 
   inv1yx**inv1yx**inv1yx**inv1x + inv1x**inv1xy**inv1xy**inv1xy**inv1x, 
 inv1y**inv1yx**inv1yx**inv1yx**inv1x -> inv1xy - inv1xy**inv1x + 
   inv1xy**inv1xy + inv1y**inv1x - inv1y**inv1xy - inv1xy**inv1xy**inv1x + 
   inv1xy**inv1xy**inv1xy + inv1y**inv1xy**inv1x - inv1y**inv1xy**inv1xy - 
   inv1xy**inv1xy**inv1xy**inv1x + inv1y**inv1xy**inv1xy**inv1x - 
   inv1y**inv1xy**inv1xy**inv1xy + inv1y**inv1xy**inv1xy**inv1xy**inv1x, 
 y**inv1xy**inv1xy**inv1xy**inv1xy**inv1x -> -inv1yx**inv1yx**inv1yx**inv1x + 
   inv1yx**inv1yx**inv1yx**inv1yx**inv1x + y**inv1xy**inv1xy**inv1xy**inv1xy, 
 y**inv1xy**inv1xy**inv1xy**inv1xy**inv1y -> 
  -inv1yx**inv1yx**inv1yx**inv1yx + inv1yx**inv1yx**inv1yx**inv1yx**inv1y, 
 inv1y**inv1yx**inv1yx**inv1yx**inv1y -> -inv1xy**inv1xy**inv1xy**inv1y + 
   inv1y**inv1yx**inv1yx**inv1yx + inv1y**inv1xy**inv1xy**inv1xy**inv1y, 
 inv1x**inv1yx**inv1yx**inv1yx**inv1y -> -inv1yx**inv1yx**inv1yx - 
   inv1x**inv1xy**inv1xy**inv1y + inv1x**inv1yx**inv1yx**inv1yx + 
   inv1yx**inv1yx**inv1yx**inv1y + inv1x**inv1xy**inv1xy**inv1xy**inv1y, 
 x**inv1yx**inv1yx**inv1yx**inv1yx**inv1y -> -inv1xy**inv1xy**inv1xy**inv1y + 
   inv1xy**inv1xy**inv1xy**inv1xy**inv1y + x**inv1yx**inv1yx**inv1yx**inv1yx, 
 x**inv1yx**inv1yx**inv1yx**inv1yx**inv1yx**inv1x -> 
  -inv1xy**inv1xy**inv1xy**inv1xy**inv1xy + inv1xy**inv1xy**inv1xy**inv1xy**
    inv1xy**inv1x, inv1x**inv1yx**inv1yx**inv1yx**inv1yx**inv1x -> 
  -inv1x**inv1xy**inv1xy**inv1xy**inv1xy + inv1yx**inv1yx**inv1yx**inv1yx**
    inv1x + inv1x**inv1xy**inv1xy**inv1xy**inv1xy**inv1x, 
 inv1y**inv1yx**inv1yx**inv1yx**inv1yx**inv1x -> 
  inv1xy - inv1xy**inv1x + inv1xy**inv1xy + inv1y**inv1x - inv1y**inv1xy - 
   inv1xy**inv1xy**inv1x + inv1xy**inv1xy**inv1xy + inv1y**inv1xy**inv1x - 
   inv1y**inv1xy**inv1xy - inv1xy**inv1xy**inv1xy**inv1x + 
   inv1xy**inv1xy**inv1xy**inv1xy + inv1y**inv1xy**inv1xy**inv1x - 
   inv1y**inv1xy**inv1xy**inv1xy - inv1xy**inv1xy**inv1xy**inv1xy**inv1x + 
   inv1y**inv1xy**inv1xy**inv1xy**inv1x - inv1y**inv1xy**inv1xy**inv1xy**
    inv1xy + inv1y**inv1xy**inv1xy**inv1xy**inv1xy**inv1x, 
 y**inv1xy**inv1xy**inv1xy**inv1xy**inv1xy**inv1x -> 
  -inv1yx**inv1yx**inv1yx**inv1yx**inv1x + inv1yx**inv1yx**inv1yx**inv1yx**
    inv1yx**inv1x + y**inv1xy**inv1xy**inv1xy**inv1xy**inv1xy, 
 y**inv1xy**inv1xy**inv1xy**inv1xy**inv1xy**inv1y -> 
  -inv1yx**inv1yx**inv1yx**inv1yx**inv1yx + inv1yx**inv1yx**inv1yx**inv1yx**
    inv1yx**inv1y, inv1y**inv1yx**inv1yx**inv1yx**inv1yx**inv1y -> 
  -inv1xy**inv1xy**inv1xy**inv1xy**inv1y + inv1y**inv1yx**inv1yx**inv1yx**
    inv1yx + inv1y**inv1xy**inv1xy**inv1xy**inv1xy**inv1y, 
 inv1x**inv1yx**inv1yx**inv1yx**inv1yx**inv1y -> 
  -inv1yx**inv1yx**inv1yx**inv1yx - inv1x**inv1xy**inv1xy**inv1xy**inv1y + 
   inv1x**inv1yx**inv1yx**inv1yx**inv1yx + inv1yx**inv1yx**inv1yx**inv1yx**
    inv1y + inv1x**inv1xy**inv1xy**inv1xy**inv1xy**inv1y, 
 x**inv1yx**inv1yx**inv1yx**inv1yx**inv1yx**inv1y -> 
  -inv1xy**inv1xy**inv1xy**inv1xy**inv1y + inv1xy**inv1xy**inv1xy**inv1xy**
    inv1xy**inv1y + x**inv1yx**inv1yx**inv1yx**inv1yx**inv1yx, 
 x**inv1yx**inv1yx**inv1yx**inv1yx**inv1yx**inv1yx**inv1x -> 
  -inv1xy**inv1xy**inv1xy**inv1xy**inv1xy**inv1xy + 
   inv1xy**inv1xy**inv1xy**inv1xy**inv1xy**inv1xy**inv1x, 
 inv1x**inv1yx**inv1yx**inv1yx**inv1yx**inv1yx**inv1x -> 
  -inv1x**inv1xy**inv1xy**inv1xy**inv1xy**inv1xy + 
   inv1yx**inv1yx**inv1yx**inv1yx**inv1yx**inv1x + 
   inv1x**inv1xy**inv1xy**inv1xy**inv1xy**inv1xy**inv1x, 
 inv1y**inv1yx**inv1yx**inv1yx**inv1yx**inv1yx**inv1x -> 
  inv1xy - inv1xy**inv1x + inv1xy**inv1xy + inv1y**inv1x - inv1y**inv1xy - 
   inv1xy**inv1xy**inv1x + inv1xy**inv1xy**inv1xy + inv1y**inv1xy**inv1x - 
   inv1y**inv1xy**inv1xy - inv1xy**inv1xy**inv1xy**inv1x + 
   inv1xy**inv1xy**inv1xy**inv1xy + inv1y**inv1xy**inv1xy**inv1x - 
   inv1y**inv1xy**inv1xy**inv1xy - inv1xy**inv1xy**inv1xy**inv1xy**inv1x + 
   inv1xy**inv1xy**inv1xy**inv1xy**inv1xy + inv1y**inv1xy**inv1xy**inv1xy**
    inv1x - inv1y**inv1xy**inv1xy**inv1xy**inv1xy - 
   inv1xy**inv1xy**inv1xy**inv1xy**inv1xy**inv1x + 
   inv1y**inv1xy**inv1xy**inv1xy**inv1xy**inv1x - 
   inv1y**inv1xy**inv1xy**inv1xy**inv1xy**inv1xy + 
   inv1y**inv1xy**inv1xy**inv1xy**inv1xy**inv1xy**inv1x, 
 y**inv1xy**inv1xy**inv1xy**inv1xy**inv1xy**inv1xy**inv1x -> 
  -inv1yx**inv1yx**inv1yx**inv1yx**inv1yx**inv1x + 
   inv1yx**inv1yx**inv1yx**inv1yx**inv1yx**inv1yx**inv1x + 
   y**inv1xy**inv1xy**inv1xy**inv1xy**inv1xy**inv1xy, 
 y**inv1xy**inv1xy**inv1xy**inv1xy**inv1xy**inv1xy**inv1y -> 
  -inv1yx**inv1yx**inv1yx**inv1yx**inv1yx**inv1yx + 
   inv1yx**inv1yx**inv1yx**inv1yx**inv1yx**inv1yx**inv1y, 
 inv1y**inv1yx**inv1yx**inv1yx**inv1yx**inv1yx**inv1y -> 
  -inv1xy**inv1xy**inv1xy**inv1xy**inv1xy**inv1y + 
   inv1y**inv1yx**inv1yx**inv1yx**inv1yx**inv1yx + 
   inv1y**inv1xy**inv1xy**inv1xy**inv1xy**inv1xy**inv1y, 
 inv1x**inv1yx**inv1yx**inv1yx**inv1yx**inv1yx**inv1y -> 
  -inv1yx**inv1yx**inv1yx**inv1yx**inv1yx - inv1x**inv1xy**inv1xy**inv1xy**
    inv1xy**inv1y + inv1x**inv1yx**inv1yx**inv1yx**inv1yx**inv1yx + 
   inv1yx**inv1yx**inv1yx**inv1yx**inv1yx**inv1y + 
   inv1x**inv1xy**inv1xy**inv1xy**inv1xy**inv1xy**inv1y, 
 x**inv1yx**inv1yx**inv1yx**inv1yx**inv1yx**inv1yx**inv1y -> 
  -inv1xy**inv1xy**inv1xy**inv1xy**inv1xy**inv1y + 
   inv1xy**inv1xy**inv1xy**inv1xy**inv1xy**inv1xy**inv1y + 
   x**inv1yx**inv1yx**inv1yx**inv1yx**inv1yx**inv1yx, 
 x**inv1yx**inv1yx**inv1yx**inv1yx**inv1yx**inv1yx**inv1yx**inv1x -> 
  -inv1xy**inv1xy**inv1xy**inv1xy**inv1xy**inv1xy**inv1xy + 
   inv1xy**inv1xy**inv1xy**inv1xy**inv1xy**inv1xy**inv1xy**inv1x, 
 inv1x**inv1yx**inv1yx**inv1yx**inv1yx**inv1yx**inv1yx**inv1x -> 
  -inv1x**inv1xy**inv1xy**inv1xy**inv1xy**inv1xy**inv1xy + 
   inv1yx**inv1yx**inv1yx**inv1yx**inv1yx**inv1yx**inv1x + 
   inv1x**inv1xy**inv1xy**inv1xy**inv1xy**inv1xy**inv1xy**inv1x, 
 inv1y**inv1yx**inv1yx**inv1yx**inv1yx**inv1yx**inv1yx**inv1x -> 
  inv1xy - inv1xy**inv1x + inv1xy**inv1xy + inv1y**inv1x - inv1y**inv1xy - 
   inv1xy**inv1xy**inv1x + inv1xy**inv1xy**inv1xy + inv1y**inv1xy**inv1x - 
   inv1y**inv1xy**inv1xy - inv1xy**inv1xy**inv1xy**inv1x + 
   inv1xy**inv1xy**inv1xy**inv1xy + inv1y**inv1xy**inv1xy**inv1x - 
   inv1y**inv1xy**inv1xy**inv1xy - inv1xy**inv1xy**inv1xy**inv1xy**inv1x + 
   inv1xy**inv1xy**inv1xy**inv1xy**inv1xy + inv1y**inv1xy**inv1xy**inv1xy**
    inv1x - inv1y**inv1xy**inv1xy**inv1xy**inv1xy - 
   inv1xy**inv1xy**inv1xy**inv1xy**inv1xy**inv1x + 
   inv1xy**inv1xy**inv1xy**inv1xy**inv1xy**inv1xy + 
   inv1y**inv1xy**inv1xy**inv1xy**inv1xy**inv1x - 
   inv1y**inv1xy**inv1xy**inv1xy**inv1xy**inv1xy - 
   inv1xy**inv1xy**inv1xy**inv1xy**inv1xy**inv1xy**inv1x + 
   inv1y**inv1xy**inv1xy**inv1xy**inv1xy**inv1xy**inv1x - 
   inv1y**inv1xy**inv1xy**inv1xy**inv1xy**inv1xy**inv1xy + 
   inv1y**inv1xy**inv1xy**inv1xy**inv1xy**inv1xy**inv1xy**inv1x, 
 y**inv1xy**inv1xy**inv1xy**inv1xy**inv1xy**inv1xy**inv1xy**inv1x -> 
  -inv1yx**inv1yx**inv1yx**inv1yx**inv1yx**inv1yx**inv1x + 
   inv1yx**inv1yx**inv1yx**inv1yx**inv1yx**inv1yx**inv1yx**inv1x + 
   y**inv1xy**inv1xy**inv1xy**inv1xy**inv1xy**inv1xy**inv1xy, 
 y**inv1xy**inv1xy**inv1xy**inv1xy**inv1xy**inv1xy**inv1xy**inv1y -> 
  -inv1yx**inv1yx**inv1yx**inv1yx**inv1yx**inv1yx**inv1yx + 
   inv1yx**inv1yx**inv1yx**inv1yx**inv1yx**inv1yx**inv1yx**inv1y, 
 inv1y**inv1yx**inv1yx**inv1yx**inv1yx**inv1yx**inv1yx**inv1y -> 
  -inv1xy**inv1xy**inv1xy**inv1xy**inv1xy**inv1xy**inv1y + 
   inv1y**inv1yx**inv1yx**inv1yx**inv1yx**inv1yx**inv1yx + 
   inv1y**inv1xy**inv1xy**inv1xy**inv1xy**inv1xy**inv1xy**inv1y, 
 inv1x**inv1yx**inv1yx**inv1yx**inv1yx**inv1yx**inv1yx**inv1y -> 
  -inv1yx**inv1yx**inv1yx**inv1yx**inv1yx**inv1yx - 
   inv1x**inv1xy**inv1xy**inv1xy**inv1xy**inv1xy**inv1y + 
   inv1x**inv1yx**inv1yx**inv1yx**inv1yx**inv1yx**inv1yx + 
   inv1yx**inv1yx**inv1yx**inv1yx**inv1yx**inv1yx**inv1y + 
   inv1x**inv1xy**inv1xy**inv1xy**inv1xy**inv1xy**inv1xy**inv1y, 
 x**inv1yx**inv1yx**inv1yx**inv1yx**inv1yx**inv1yx**inv1yx**inv1y -> 
  -inv1xy**inv1xy**inv1xy**inv1xy**inv1xy**inv1xy**inv1y + 
   inv1xy**inv1xy**inv1xy**inv1xy**inv1xy**inv1xy**inv1xy**inv1y + 
   x**inv1yx**inv1yx**inv1yx**inv1yx**inv1yx**inv1yx**inv1yx, 
 x**inv1yx**inv1yx**inv1yx**inv1yx**inv1yx**inv1yx**inv1yx**inv1yx**inv1x -> 
  -inv1xy**inv1xy**inv1xy**inv1xy**inv1xy**inv1xy**inv1xy**inv1xy + 
   inv1xy**inv1xy**inv1xy**inv1xy**inv1xy**inv1xy**inv1xy**inv1xy**inv1x, 
 inv1x**inv1yx**inv1yx**inv1yx**inv1yx**inv1yx**inv1yx**inv1yx**inv1x -> 
  -inv1x**inv1xy**inv1xy**inv1xy**inv1xy**inv1xy**inv1xy**inv1xy + 
   inv1yx**inv1yx**inv1yx**inv1yx**inv1yx**inv1yx**inv1yx**inv1x + 
   inv1x**inv1xy**inv1xy**inv1xy**inv1xy**inv1xy**inv1xy**inv1xy**inv1x, 
 inv1y**inv1yx**inv1yx**inv1yx**inv1yx**inv1yx**inv1yx**inv1yx**inv1x -> 
  inv1xy - inv1xy**inv1x + inv1xy**inv1xy + inv1y**inv1x - inv1y**inv1xy - 
   inv1xy**inv1xy**inv1x + inv1xy**inv1xy**inv1xy + inv1y**inv1xy**inv1x - 
   inv1y**inv1xy**inv1xy - inv1xy**inv1xy**inv1xy**inv1x + 
   inv1xy**inv1xy**inv1xy**inv1xy + inv1y**inv1xy**inv1xy**inv1x - 
   inv1y**inv1xy**inv1xy**inv1xy - inv1xy**inv1xy**inv1xy**inv1xy**inv1x + 
   inv1xy**inv1xy**inv1xy**inv1xy**inv1xy + inv1y**inv1xy**inv1xy**inv1xy**
    inv1x - inv1y**inv1xy**inv1xy**inv1xy**inv1xy - 
   inv1xy**inv1xy**inv1xy**inv1xy**inv1xy**inv1x + 
   inv1xy**inv1xy**inv1xy**inv1xy**inv1xy**inv1xy + 
   inv1y**inv1xy**inv1xy**inv1xy**inv1xy**inv1x - 
   inv1y**inv1xy**inv1xy**inv1xy**inv1xy**inv1xy - 
   inv1xy**inv1xy**inv1xy**inv1xy**inv1xy**inv1xy**inv1x + 
   inv1xy**inv1xy**inv1xy**inv1xy**inv1xy**inv1xy**inv1xy + 
   inv1y**inv1xy**inv1xy**inv1xy**inv1xy**inv1xy**inv1x - 
   inv1y**inv1xy**inv1xy**inv1xy**inv1xy**inv1xy**inv1xy - 
   inv1xy**inv1xy**inv1xy**inv1xy**inv1xy**inv1xy**inv1xy**inv1x + 
   inv1y**inv1xy**inv1xy**inv1xy**inv1xy**inv1xy**inv1xy**inv1x - 
   inv1y**inv1xy**inv1xy**inv1xy**inv1xy**inv1xy**inv1xy**inv1xy + 
   inv1y**inv1xy**inv1xy**inv1xy**inv1xy**inv1xy**inv1xy**inv1xy**inv1x, 
 y**inv1xy**inv1xy**inv1xy**inv1xy**inv1xy**inv1xy**inv1xy**inv1xy**inv1x -> 
  -inv1yx**inv1yx**inv1yx**inv1yx**inv1yx**inv1yx**inv1yx**inv1x + 
   inv1yx**inv1yx**inv1yx**inv1yx**inv1yx**inv1yx**inv1yx**inv1yx**inv1x + 
   y**inv1xy**inv1xy**inv1xy**inv1xy**inv1xy**inv1xy**inv1xy**inv1xy, 
 y**inv1xy**inv1xy**inv1xy**inv1xy**inv1xy**inv1xy**inv1xy**inv1xy**inv1y -> 
  -inv1yx**inv1yx**inv1yx**inv1yx**inv1yx**inv1yx**inv1yx**inv1yx + 
   inv1yx**inv1yx**inv1yx**inv1yx**inv1yx**inv1yx**inv1yx**inv1yx**inv1y, 
 inv1y**inv1yx**inv1yx**inv1yx**inv1yx**inv1yx**inv1yx**inv1yx**inv1y -> 
  -inv1xy**inv1xy**inv1xy**inv1xy**inv1xy**inv1xy**inv1xy**inv1y + 
   inv1y**inv1yx**inv1yx**inv1yx**inv1yx**inv1yx**inv1yx**inv1yx + 
   inv1y**inv1xy**inv1xy**inv1xy**inv1xy**inv1xy**inv1xy**inv1xy**inv1y, 
 inv1x**inv1yx**inv1yx**inv1yx**inv1yx**inv1yx**inv1yx**inv1yx**inv1y -> 
  -inv1yx**inv1yx**inv1yx**inv1yx**inv1yx**inv1yx**inv1yx - 
   inv1x**inv1xy**inv1xy**inv1xy**inv1xy**inv1xy**inv1xy**inv1y + 
   inv1x**inv1yx**inv1yx**inv1yx**inv1yx**inv1yx**inv1yx**inv1yx + 
   inv1yx**inv1yx**inv1yx**inv1yx**inv1yx**inv1yx**inv1yx**inv1y + 
   inv1x**inv1xy**inv1xy**inv1xy**inv1xy**inv1xy**inv1xy**inv1xy**inv1y, 
 x**inv1yx**inv1yx**inv1yx**inv1yx**inv1yx**inv1yx**inv1yx**inv1yx**inv1y -> 
  -inv1xy**inv1xy**inv1xy**inv1xy**inv1xy**inv1xy**inv1xy**inv1y + 
   inv1xy**inv1xy**inv1xy**inv1xy**inv1xy**inv1xy**inv1xy**inv1xy**inv1y + 
   x**inv1yx**inv1yx**inv1yx**inv1yx**inv1yx**inv1yx**inv1yx**inv1yx, 
 x**inv1yx**inv1yx**inv1yx**inv1yx**inv1yx**inv1yx**inv1yx**inv1yx**inv1yx**
   inv1x -> -inv1xy**inv1xy**inv1xy**inv1xy**inv1xy**inv1xy**inv1xy**inv1xy**
     inv1xy + inv1xy**inv1xy**inv1xy**inv1xy**inv1xy**inv1xy**inv1xy**inv1xy**
    inv1xy**inv1x, inv1x**inv1yx**inv1yx**inv1yx**inv1yx**inv1yx**inv1yx**
   inv1yx**inv1yx**inv1x -> 
  -inv1x**inv1xy**inv1xy**inv1xy**inv1xy**inv1xy**inv1xy**inv1xy**inv1xy + 
   inv1yx**inv1yx**inv1yx**inv1yx**inv1yx**inv1yx**inv1yx**inv1yx**inv1x + 
   inv1x**inv1xy**inv1xy**inv1xy**inv1xy**inv1xy**inv1xy**inv1xy**inv1xy**
    inv1x, inv1y**inv1yx**inv1yx**inv1yx**inv1yx**inv1yx**inv1yx**inv1yx**
   inv1yx**inv1x -> inv1xy - inv1xy**inv1x + inv1xy**inv1xy + inv1y**inv1x - 
   inv1y**inv1xy - inv1xy**inv1xy**inv1x + inv1xy**inv1xy**inv1xy + 
   inv1y**inv1xy**inv1x - inv1y**inv1xy**inv1xy - 
   inv1xy**inv1xy**inv1xy**inv1x + inv1xy**inv1xy**inv1xy**inv1xy + 
   inv1y**inv1xy**inv1xy**inv1x - inv1y**inv1xy**inv1xy**inv1xy - 
   inv1xy**inv1xy**inv1xy**inv1xy**inv1x + inv1xy**inv1xy**inv1xy**inv1xy**
    inv1xy + inv1y**inv1xy**inv1xy**inv1xy**inv1x - 
   inv1y**inv1xy**inv1xy**inv1xy**inv1xy - inv1xy**inv1xy**inv1xy**inv1xy**
    inv1xy**inv1x + inv1xy**inv1xy**inv1xy**inv1xy**inv1xy**inv1xy + 
   inv1y**inv1xy**inv1xy**inv1xy**inv1xy**inv1x - 
   inv1y**inv1xy**inv1xy**inv1xy**inv1xy**inv1xy - 
   inv1xy**inv1xy**inv1xy**inv1xy**inv1xy**inv1xy**inv1x + 
   inv1xy**inv1xy**inv1xy**inv1xy**inv1xy**inv1xy**inv1xy + 
   inv1y**inv1xy**inv1xy**inv1xy**inv1xy**inv1xy**inv1x - 
   inv1y**inv1xy**inv1xy**inv1xy**inv1xy**inv1xy**inv1xy - 
   inv1xy**inv1xy**inv1xy**inv1xy**inv1xy**inv1xy**inv1xy**inv1x + 
   inv1xy**inv1xy**inv1xy**inv1xy**inv1xy**inv1xy**inv1xy**inv1xy + 
   inv1y**inv1xy**inv1xy**inv1xy**inv1xy**inv1xy**inv1xy**inv1x - 
   inv1y**inv1xy**inv1xy**inv1xy**inv1xy**inv1xy**inv1xy**inv1xy - 
   inv1xy**inv1xy**inv1xy**inv1xy**inv1xy**inv1xy**inv1xy**inv1xy**inv1x + 
   inv1y**inv1xy**inv1xy**inv1xy**inv1xy**inv1xy**inv1xy**inv1xy**inv1x - 
   inv1y**inv1xy**inv1xy**inv1xy**inv1xy**inv1xy**inv1xy**inv1xy**inv1xy + 
   inv1y**inv1xy**inv1xy**inv1xy**inv1xy**inv1xy**inv1xy**inv1xy**inv1xy**
    inv1x, y**inv1xy**inv1xy**inv1xy**inv1xy**inv1xy**inv1xy**inv1xy**inv1xy**
   inv1xy**inv1x -> -inv1yx**inv1yx**inv1yx**inv1yx**inv1yx**inv1yx**inv1yx**
     inv1yx**inv1x + inv1yx**inv1yx**inv1yx**inv1yx**inv1yx**inv1yx**inv1yx**
    inv1yx**inv1yx**inv1x + y**inv1xy**inv1xy**inv1xy**inv1xy**inv1xy**
    inv1xy**inv1xy**inv1xy**inv1xy, 
 y**inv1xy**inv1xy**inv1xy**inv1xy**inv1xy**inv1xy**inv1xy**inv1xy**inv1xy**
   inv1y -> -inv1yx**inv1yx**inv1yx**inv1yx**inv1yx**inv1yx**inv1yx**inv1yx**
     inv1yx + inv1yx**inv1yx**inv1yx**inv1yx**inv1yx**inv1yx**inv1yx**inv1yx**
    inv1yx**inv1y, inv1y**inv1yx**inv1yx**inv1yx**inv1yx**inv1yx**inv1yx**
   inv1yx**inv1yx**inv1y -> 
  -inv1xy**inv1xy**inv1xy**inv1xy**inv1xy**inv1xy**inv1xy**inv1xy**inv1y + 
   inv1y**inv1yx**inv1yx**inv1yx**inv1yx**inv1yx**inv1yx**inv1yx**inv1yx + 
   inv1y**inv1xy**inv1xy**inv1xy**inv1xy**inv1xy**inv1xy**inv1xy**inv1xy**
    inv1y, inv1x**inv1yx**inv1yx**inv1yx**inv1yx**inv1yx**inv1yx**inv1yx**
   inv1yx**inv1y -> -inv1yx**inv1yx**inv1yx**inv1yx**inv1yx**inv1yx**inv1yx**
     inv1yx - inv1x**inv1xy**inv1xy**inv1xy**inv1xy**inv1xy**inv1xy**inv1xy**
    inv1y + inv1x**inv1yx**inv1yx**inv1yx**inv1yx**inv1yx**inv1yx**inv1yx**
    inv1yx + inv1yx**inv1yx**inv1yx**inv1yx**inv1yx**inv1yx**inv1yx**inv1yx**
    inv1y + inv1x**inv1xy**inv1xy**inv1xy**inv1xy**inv1xy**inv1xy**inv1xy**
    inv1xy**inv1y, x**inv1yx**inv1yx**inv1yx**inv1yx**inv1yx**inv1yx**inv1yx**
   inv1yx**inv1yx**inv1y -> 
  -inv1xy**inv1xy**inv1xy**inv1xy**inv1xy**inv1xy**inv1xy**inv1xy**inv1y + 
   inv1xy**inv1xy**inv1xy**inv1xy**inv1xy**inv1xy**inv1xy**inv1xy**inv1xy**
    inv1y + x**inv1yx**inv1yx**inv1yx**inv1yx**inv1yx**inv1yx**inv1yx**
    inv1yx**inv1yx}
