{z**b**z -> z + d**a**c, a**ia -> 1, ia**a -> 1, b**ib -> 1, ib**b -> 1, 
 c**ic -> 1, ic**c -> 1, d**id -> 1, id**d -> 1, 
 z**b**d**a**c -> d**a**c**b**z, x -> id - id**z**b, y -> ic - b**z**ic, 
 id**z**b**d**a -> a**c**b**z**ic, a**c**b**z**ic**ia -> id**z**b**d, 
 d**a**c**b**z**ic -> z**b**d**a, ia**id**z**b**d -> c**b**z**ic**ia, 
 c**b**z**ic**ia**id -> ia**id**z**b}
