{-1 + a ** Inva, -1 + Ajc ** c ** LossLessM ** InvAja - 
   InvLossLessM ** a ** LossLessM ** InvAja, Ajb - c ** LossLessM, 
  -1 + Inva ** a, -1 + InvLossLessM ** LossLessM, b - LossLessM ** Ajc, 
  -1 + LossLessM ** InvLossLessM, 
  Aja - Ajc ** c ** LossLessM + InvLossLessM ** a ** LossLessM, 
  -InvLossLessM + InvAja ** Ajc ** c - InvAja ** InvLossLessM ** a}
